

yxy1028@yxy-hp-borrowed:~$ ipython3
Python 3.10.12 (main, Jun 11 2023, 05:26:28) [GCC 11.4.0]
Type 'copyright', 'credits' or 'license' for more information
IPython 7.31.1 -- An enhanced Interactive Python. Type '?' for help.

In [1]: %who
Interactive namespace is empty.

In [2]: %whos
Interactive namespace is empty.

In [3]: pwd
Out[3]: '/home/yxy1028'

In [4]: %pwd
Out[4]: '/home/yxy1028'

In [5]: whos
Interactive namespace is empty.

In [6]:                                                                                                                                                                                    
Do you really want to exit ([y]/n)? y
yxy1028@yxy-hp-borrowed:~$ ^C
yxy1028@yxy-hp-borrowed:~$ ipython3
Python 3.10.12 (main, Jun 11 2023, 05:26:28) [GCC 11.4.0]
Type 'copyright', 'credits' or 'license' for more information
IPython 7.31.1 -- An enhanced Interactive Python. Type '?' for help.

In [1]: a = 1

In [2]: whos
Variable   Type    Data/Info
----------------------------
a          int     1

In [3]: a = 2 #integer
   ...: type(a)
Out[3]: int

In [4]: a = 2

In [5]: type(a)
Out[5]: int

In [6]: ?a
Type:        int
String form: 2
Docstring:  
int([x]) -> integer
int(x, base=10) -> integer

Convert a number or string to an integer, or return 0 if no arguments
are given.  If x is a number, return x.__int__().  For floating point
numbers, this truncates towards zero.

If x is not a number or if base is given, then x must be a string,
bytes, or bytearray instance representing an integer literal in the
given base.  The literal can be preceded by '+' or '-' and be surrounded
by whitespace.  The base defaults to 10.  Valid bases are 0 and 2-36.
Base 0 means to interpret the base from the string as an integer literal.
>>> int('0b100', base=0)
4

In [7]: a
Out[7]: 2

In [8]: ?a
Type:        int
String form: 2
Docstring:  
int([x]) -> integer
int(x, base=10) -> integer

Convert a number or string to an integer, or return 0 if no arguments
are given.  If x is a number, return x.__int__().  For floating point
numbers, this truncates towards zero.

If x is not a number or if base is given, then x must be a string,
bytes, or bytearray instance representing an integer literal in the
given base.  The literal can be preceded by '+' or '-' and be surrounded
by whitespace.  The base defaults to 10.  Valid bases are 0 and 2-36.
Base 0 means to interpret the base from the string as an integer literal.
>>> int('0b100', base=0)
4

In [9]: 2 == 2
Out[9]: True

In [10]: x = 7

In [11]: y = "me"

In [12]: X + y
---------------------------------------------------------------------------
NameError                                 Traceback (most recent call last)
<ipython-input-12-71b9ff741e42> in <module>
----> 1 X + y

NameError: name 'X' is not defined

In [13]: x + y
---------------------------------------------------------------------------
TypeError                                 Traceback (most recent call last)
<ipython-input-13-cd60f97aa77f> in <module>
----> 1 x + y

TypeError: unsupported operand type(s) for +: 'int' and 'str'

In [14]: MyList = [3,2.44,'green',True]

In [15]: MyList
Out[15]: [3, 2.44, 'green', True]

In [16]: MyList[2]
Out[16]: 'green'

In [17]: MyList[-1]
Out[17]: True

In [18]: MyList[-2]
Out[18]: 'green'

In [19]: MyList[-3]
Out[19]: 2.44

In [20]: MyList[-4]
Out[20]: 3

In [21]: MyList[1:2]
Out[21]: [2.44]

In [22]:                                                                                                                                                                                   
Do you really want to exit ([y]/n)? 
yxy1028@yxy-hp-borrowed:~$ ^C
yxy1028@yxy-hp-borrowed:~$ 
 *  History restored 

yxy1028@yxy-hp-borrowed:~$ ls
Desktop  Documents  Downloads  GitHubDesktop-linux-3.1.1-linux1.deb  Music  Pictures  Public  README.md  snap  Templates  temporary.tmp  text.txt  text.txt.pub  Videos
yxy1028@yxy-hp-borrowed:~$ cd Documents
yxy1028@yxy-hp-borrowed:~/Documents$ ls
CMEECourseWork  GitHub  IC_CMEE_course  trial.odt
yxy1028@yxy-hp-borrowed:~/Documents$ cd Github
bash: cd: Github: No such file or directory
yxy1028@yxy-hp-borrowed:~/Documents$ cd GitHub
yxy1028@yxy-hp-borrowed:~/Documents/GitHub$ ls
CMEECourseWork
yxy1028@yxy-hp-borrowed:~/Documents/GitHub$ cd CMEECourseWork
yxy1028@yxy-hp-borrowed:~/Documents/GitHub/CMEECourseWork$ ls
README.md  week01  week02  week03  week04  week05
yxy1028@yxy-hp-borrowed:~/Documents/GitHub/CMEECourseWork$ cd week01
yxy1028@yxy-hp-borrowed:~/Documents/GitHub/CMEECourseWork/week01$ ls
Code  Data  Notes  Records  Sandbox  this_week_info.txt  Unknown
yxy1028@yxy-hp-borrowed:~/Documents/GitHub/CMEECourseWork/week01$ cd Code
yxy1028@yxy-hp-borrowed:~/Documents/GitHub/CMEECourseWork/week01/Code$ ls
assignment-CompileLaTex.txt  boilerplate.sh  CompileLaTeX.sh  csvtospace.sh  fasta.sh  myscript.sh  UnixPrac1.txt  variables.sh
yxy1028@yxy-hp-borrowed:~/Documents/GitHub/CMEECourseWork/week01/Code$ boilerplate.sh
boilerplate.sh: command not found
yxy1028@yxy-hp-borrowed:~/Documents/GitHub/CMEECourseWork/week01/Code$ bash boilerplate.sh

This is a shell script! 

yxy1028@yxy-hp-borrowed:~/Documents/GitHub/CMEECourseWork/week01/Code$ run boilerplate.sh
Command 'run' not found, did you mean:
  command 'bun' from snap bun-js (1.0.3)
  command 'rue' from snap darkdimension-rue (1.0.7)
  command 'rup' from deb rstat-client (4.0.1-11)
  command 'crun' from deb crun (0.17+dfsg-1.1)
  command 'rn' from deb trn4 (4.0-test77-14)
  command 'grun' from deb grun (0.9.3+git20200303-1)
  command 'srun' from deb slurm-client (21.08.5-2ubuntu1)
  command 'runc' from deb runc (1.1.7-0ubuntu1~22.04.1)
  command 'zrun' from deb moreutils (0.66-1)
  command 'runq' from deb exim4-daemon-heavy (4.95-4ubuntu2.3)
  command 'runq' from deb exim4-daemon-light (4.95-4ubuntu2.3)
  command 'runq' from deb sendmail-bin (8.15.2-22ubuntu3)
  command 'zun' from deb python3-zunclient (4.4.0-0ubuntu1)
See 'snap info <snapname>' for additional versions.
yxy1028@yxy-hp-borrowed:~/Documents/GitHub/CMEECourseWork/week01/Code$ chmod +x boilerplate.sh 
yxy1028@yxy-hp-borrowed:~/Documents/GitHub/CMEECourseWork/week01/Code$ ./boilerplate.sh 
-e 
This is a shell script! 

yxy1028@yxy-hp-borrowed:~/Documents/GitHub/CMEECourseWork/week01/Code$ ls
assignment-CompileLaTex.txt  boilerplate.sh  CompileLaTeX.sh  csvtospace.sh  fasta.sh  myscript.sh  UnixPrac1.txt  variables.sh
yxy1028@yxy-hp-borrowed:~/Documents/GitHub/CMEECourseWork/week01/Code$ bash fasta.sh
   4   36  307 assignment-CompileLaTex.txt
   9   32  210 boilerplate.sh
  11   22  133 CompileLaTeX.sh
   0    0    0 csvtospace.sh
  35  172 2336 fasta.sh
   2    2    8 myscript.sh
   0    0    0 UnixPrac1.txt
  32  118  735 variables.sh
  93  382 3729 total
tail: cannot open 'E.coli.fasta' for reading: No such file or directory
wc: E.coli.fasta: No such file or directory

q
yxy1028@yxy-hp-borrowed:~/Documents/GitHub/CMEECourseWork/week01/Code$ bash fasta.sh
   4   36  307 assignment-CompileLaTex.txt
   9   32  210 boilerplate.sh
  11   22  133 CompileLaTeX.sh
   0    0    0 csvtospace.sh
  35  172 2336 fasta.sh
   2    2    8 myscript.sh
   0    0    0 UnixPrac1.txt
  32  118  735 variables.sh
  93  382 3729 total
tail: cannot open 'E.coli.fasta' for reading: No such file or directory
wc: E.coli.fasta: No such file or directory

fasta.sh: line 24: rt: command not found
Usage: grep [OPTION]... PATTERNS [FILE]...
Try 'grep --help' for more information.
      0       0       0
yxy1028@yxy-hp-borrowed:~/Documents/GitHub/CMEECourseWork/week01/Code$ 
yxy1028@yxy-hp-borrowed:~/Documents/GitHub/CMEECourseWork/week01/Code$ bash fasta.sh

This is a shell script! 

wc assignment-CompileLaTex.txt boilerplate.sh CompileLaTeX.sh csvtospace.sh fasta.sh myscript.sh UnixPrac1.txt variables.sh
tail: cannot open 'E.coli.fasta' for reading: No such file or directory
wc: E.coli.fasta: No such file or directory
Usage: grep [OPTION]... PATTERNS [FILE]...
Try 'grep --help' for more information.
      0       0       0
yxy1028@yxy-hp-borrowed:~/Documents/GitHub/CMEECourseWork/week01/Code$ bash fasta.sh

This is a shell script! 

wc assignment-CompileLaTex.txt boilerplate.sh CompileLaTeX.sh csvtospace.sh fasta.sh myscript.sh UnixPrac1.txt variables.sh
tail: cannot open 'E.coli.fasta' for reading: No such file or directory
wc: E.coli.fasta: No such file or directory
Usage: grep [OPTION]... PATTERNS [FILE]...
Try 'grep --help' for more information.
      0       0       0
yxy1028@yxy-hp-borrowed:~/Documents/GitHub/CMEECourseWork/week01/Code$ ipython
Command 'ipython' not found, did you mean:
  command 'ipython3' from deb ipython3 (7.31.1-1)
  command 'bpython' from deb bpython (0.22.1-2)
  command 'xpython' from deb xpython (0.12.5-1build1)
Try: sudo apt install <deb name>
yxy1028@yxy-hp-borrowed:~/Documents/GitHub/CMEECourseWork/week01/Code$ ipython3
Python 3.10.12 (main, Jun 11 2023, 05:26:28) [GCC 11.4.0]
Type 'copyright', 'credits' or 'license' for more information
IPython 7.31.1 -- An enhanced Interactive Python. Type '?' for help.

In [1]: birds = ( ('Passerculus sandwichensis','Savannah sparrow',18.7),
   ...: birds = ( ('Passerculus sandwichensis','Savannah sparrow',18.7),
   ...:           ('Delichon urbica','House martin',19),
   ...:           ('Junco phaeonotus','Yellow-eyed junco',19.5),
   ...:           ('Junco hyemalis','Dark-eyed junco',19.6),
   ...:           ('Tachycineata bicolor','Tree swallow',20.2),
   ...:          )
   ...:          ('Junco hyemalis','Dark-eyed junco',19.6),
   ...:           ('Tachycineata bicolor','Tree swallow',20.2),
   ...:          )
  File "<ipython-input-1-4cc868bc91fc>", line 2
    birds = ( ('Passerculus sandwichensis','Savannah sparrow',18.7),
    ^
SyntaxError: invalid syntax. Maybe you meant '==' or ':=' instead of '='?


In [2]: ('Junco hyemalis','Dark-eyed junco',19.6),
   ...:           ('Tachycineata bicolor','Tree swallow',20.2),
   ...:          )
  File "<tokenize>", line 3
    )
    ^
IndentationError: unindent does not match any outer indentation level


In [4]: #(1) Write three separate list comprehensions that create three different
   ...: # lists containing the latin names, common names and mean body masses for
   ...: # each species in birds, respectively. 
   ...: 
   ...: # (2) Now do the same using conventional loops (you can choose to do this 
   ...: # before 1 !). 

In [5]: def foo(x):
   ...:     x *= x # same as x = x*x
   ...:     print (x)
   ...:     return x
   ...: 

In [6]: foo(5)
25
Out[6]: 25

In [7]: whos
Variable   Type        Data/Info
--------------------------------
foo        function    <function foo at 0x7f4a1f769090>

In [8]: %whos
Variable   Type        Data/Info
--------------------------------
foo        function    <function foo at 0x7f4a1f769090>

In [9]: ipython3 MyExampleScript.py
  File "<ipython-input-9-d51ad1d5f475>", line 1
    ipython3 MyExampleScript.py
             ^
SyntaxError: invalid syntax


In [10]: ipython3 MyExampleScript.py
  File "<ipython-input-10-d51ad1d5f475>", line 1
    ipython3 MyExampleScript.py
             ^
SyntaxError: invalid syntax


In [11]: pwd
Out[11]: '/home/yxy1028/Documents/GitHub/CMEECourseWork/week01/Code'

In [12]: cd ../../
/home/yxy1028/Documents/GitHub/CMEECourseWork

In [13]: cd ./week02
/home/yxy1028/Documents/GitHub/CMEECourseWork/week02

In [14]: cd Code
/home/yxy1028/Documents/GitHub/CMEECourseWork/week02/Code

In [15]: ipython3 MyExampleScript.py
  File "<ipython-input-15-d51ad1d5f475>", line 1
    ipython3 MyExampleScript.py
             ^
SyntaxError: invalid syntax


In [16]: cd ../
/home/yxy1028/Documents/GitHub/CMEECourseWork/week02

In [17]: cd ../
/home/yxy1028/Documents/GitHub/CMEECourseWork

In [18]: ls
README.md  week01/  week02/  week03/  week04/  week05/

In [19]: cd wwek01
[Errno 2] No such file or directory: 'wwek01'
/home/yxy1028/Documents/GitHub/CMEECourseWork

In [20]: cd week01
/home/yxy1028/Documents/GitHub/CMEECourseWork/week01

In [21]: ls
Code/  Data/  Notes/  Records/  Sandbox/  this_week_info.txt  Unknown/

In [22]: cd Code
/home/yxy1028/Documents/GitHub/CMEECourseWork/week01/Code

In [23]: ls
assignment-CompileLaTex.txt  boilerplate.sh*  CompileLaTeX.sh  csvtospace.sh  fasta.sh  myscript.sh  UnixPrac1.txt  variables.sh

In [24]: ipython3 boilerplate.sh
  File "<ipython-input-24-0f049e2c2f1a>", line 1
    ipython3 boilerplate.sh
             ^
SyntaxError: invalid syntax


In [25]: MyExampleScript.py
---------------------------------------------------------------------------
NameError                                 Traceback (most recent call last)
<ipython-input-25-e5c3966da77b> in <module>
----> 1 MyExampleScript.py

NameError: name 'MyExampleScript' is not defined


[1]+  Stopped                 ipython3
yxy1028@yxy-hp-borrowed:~/Documents/GitHub/CMEECourseWork/week01/Code$ 
exit
There are stopped jobs.
yxy1028@yxy-hp-borrowed:~/Documents/GitHub/CMEECourseWork/week01/Code$ ls
assignment-CompileLaTex.txt  boilerplate.sh  CompileLaTeX.sh  csvtospace.sh  fasta.sh  myscript.sh  UnixPrac1.txt  variables.sh
yxy1028@yxy-hp-borrowed:~/Documents/GitHub/CMEECourseWork/week01/Code$ 



